▲ Next.js 16.2.10 (webpack)
- Local:         http://localhost:3000
- Network:       http://192.168.1.156:3000
- Environments: .env.local
✓ Ready in 2.2s

○ Compiling / ...
 GET / 200 in 671ms (next.js: 57ms, application-code: 614ms)
 GET / 200 in 695ms (next.js: 36ms, application-code: 659ms)
 GET / 200 in 182ms (next.js: 4ms, application-code: 178ms)
○ Compiling /store ...
 GET /store 200 in 13.2s (next.js: 12.7s, application-code: 575ms)
 GET /store 200 in 372ms (next.js: 22ms, application-code: 350ms)
○ Compiling /store/[slug]/[id] ...
 GET /store/deogarh-daily-mart/cmu3paehh009eieootwsyx882 200 in 35.1s (next.js: 34.5s, application-code: 606ms)
 GET /mapview/store 200 in 20.9s (next.js: 19.4s, application-code: 1548ms)
 GET /mapview/store 200 in 601ms (next.js: 40ms, application-code: 561ms)
 GET /store/deogarh-daily-mart/cmu3paehh009eieootwsyx882 200 in 679ms (next.js: 69ms, application-code: 610ms)
 GET / 200 in 26.1s (next.js: 1034ms, application-code: 25.1s)
 GET /store/deogarh-daily-mart/cmu3paehh009eieootwsyx882 200 in 15.0s (next.js: 634ms, application-code: 14.4s)
 GET / 200 in 930ms (next.js: 80ms, application-code: 850ms)
 GET / 200 in 17.5s (next.js: 4.9s, application-code: 12.5s)
 GET /store 200 in 1405ms (next.js: 229ms, application-code: 1176ms)
 GET / 200 in 56ms (next.js: 4ms, application-code: 52ms)
 GET / 200 in 1649ms (next.js: 854ms, application-code: 795ms)
 GET / 200 in 3.7s (next.js: 4ms, application-code: 3.7s)
 GET / 200 in 40ms (next.js: 2ms, application-code: 37ms)
 GET / 200 in 37ms (next.js: 2ms, application-code: 34ms)
 GET / 200 in 78ms (next.js: 4ms, application-code: 75ms)
 GET / 200 in 458ms (next.js: 223ms, application-code: 235ms)
 GET / 200 in 2.6s (next.js: 4ms, application-code: 2.6s)
 GET / 200 in 991ms (next.js: 489ms, application-code: 501ms)
○ Compiling /_not-found ...
 GET /assets/images/hero/hero-food.png 404 in 4.3s (next.js: 3.5s, application-code: 749ms)
 GET /assets/images/hero/hero-essentials.png 404 in 4.3s (next.js: 3.5s, application-code: 759ms)
 GET / 200 in 236ms (next.js: 49ms, application-code: 187ms)
 GET /assets/images/hero/hero-essentials.png 404 in 126ms (next.js: 8ms, application-code: 117ms)
 GET / 200 in 7.8s (next.js: 18ms, application-code: 7.8s)
 GET / 200 in 1547ms (next.js: 7ms, application-code: 1539ms)
 GET / 200 in 157ms (next.js: 3ms, application-code: 154ms)
 GET / 200 in 724ms (next.js: 293ms, application-code: 431ms)
 GET / 200 in 737ms (next.js: 386ms, application-code: 352ms)
○ Compiling /mapview/[slug] ...
 GET /mapview/restaurants 200 in 3.8s (next.js: 3.5s, application-code: 311ms)
 GET /mapview/restaurants 200 in 413ms (next.js: 142ms, application-code: 271ms)
 GET /mapview/restaurants 200 in 1468ms (next.js: 26ms, application-code: 1442ms)
 GET /mapview/restaurants 200 in 359ms (next.js: 24ms, application-code: 334ms)
 GET /mapview/restaurants 200 in 249ms (next.js: 25ms, application-code: 225ms)
 GET /mapview/restaurants 200 in 220ms (next.js: 12ms, application-code: 209ms)
 GET /mapview/restaurants 200 in 951ms (next.js: 321ms, application-code: 630ms)
 GET /mapview/restaurants 200 in 4.6s (next.js: 101ms, application-code: 4.5s)
 GET /mapview/restaurants 200 in 3.8s (next.js: 85ms, application-code: 3.7s)
 GET /mapview/restaurants 200 in 2.4s (next.js: 12ms, application-code: 2.3s)
 GET /mapview/restaurants 200 in 931ms (next.js: 129ms, application-code: 802ms)
 GET /mapview/restaurants 200 in 174ms (next.js: 7ms, application-code: 167ms)
 GET /mapview/restaurants 200 in 897ms (next.js: 400ms, application-code: 497ms)
 GET /mapview/restaurants 200 in 955ms (next.js: 372ms, application-code: 583ms)
 GET /mapview/restaurants 200 in 158ms (next.js: 6ms, application-code: 152ms)
 GET /mapview/restaurants 200 in 692ms (next.js: 212ms, application-code: 479ms)
 GET /mapview/restaurants 200 in 238ms (next.js: 5ms, application-code: 234ms)
○ Compiling /restaurant/[slug]/[id] ...
 GET /restaurant/devshree-kitchen/cmu3padfu005xieoodhyzp1fd 200 in 10.1s (next.js: 10.0s, application-code: 173ms)
 GET /mapview/restaurants 200 in 167ms (next.js: 3ms, application-code: 163ms)
 GET /mapview/restaurants 200 in 699ms (next.js: 215ms, application-code: 485ms)
 GET /mapview/restaurants 200 in 2.5s (next.js: 32ms, application-code: 2.4s)
 GET /mapview/restaurants 200 in 1249ms (next.js: 60ms, application-code: 1189ms)
 GET /mapview/restaurants 200 in 717ms (next.js: 6ms, application-code: 710ms)
 GET /mapview/restaurants 200 in 762ms (next.js: 228ms, application-code: 534ms)
 GET /mapview/restaurants 200 in 172ms (next.js: 4ms, application-code: 168ms)
 GET /mapview/restaurants 200 in 246ms (next.js: 5ms, application-code: 241ms)
 GET /mapview/restaurants 200 in 1528ms (next.js: 17ms, application-code: 1511ms)
 GET /mapview/restaurants 200 in 1028ms (next.js: 31ms, application-code: 998ms)
 GET /mapview/restaurants 200 in 556ms (next.js: 7ms, application-code: 550ms)
 GET /mapview/restaurants 200 in 791ms (next.js: 321ms, application-code: 470ms)
 GET /mapview/restaurants 200 in 2.1s (next.js: 15ms, application-code: 2.1s)
 GET /mapview/restaurants 200 in 408ms (next.js: 28ms, application-code: 380ms)
 GET /mapview/restaurants 200 in 144ms (next.js: 17ms, application-code: 127ms)
 GET /mapview/restaurants 200 in 161ms (next.js: 16ms, application-code: 146ms)
 GET /mapview/restaurants 200 in 106ms (next.js: 15ms, application-code: 91ms)
○ Compiling /discovery ...
 GET /mapview/restaurants 200 in 210ms (next.js: 61ms, application-code: 149ms)
 GET /discovery 200 in 10.8s (next.js: 9.0s, application-code: 1796ms)
 GET /mapview/restaurants 200 in 1860ms (next.js: 99ms, application-code: 1761ms)
 GET /restaurant/devshree-kitchen/cmu3padfu005xieoodhyzp1fd 200 in 234ms (next.js: 120ms, application-code: 114ms)
 GET /restaurant/devshree-kitchen/cmu3padfu005xieoodhyzp1fd 200 in 1005ms (next.js: 319ms, application-code: 686ms)
 GET /mapview/restaurants 200 in 287ms (next.js: 92ms, application-code: 195ms)
○ Compiling /order/checkout ...
 GET /order/checkout 200 in 19.6s (next.js: 19.3s, application-code: 392ms)
 GET /mapview/restaurants 200 in 374ms (next.js: 83ms, application-code: 291ms)
 GET /order/checkout 200 in 167ms (next.js: 4ms, application-code: 163ms)
 GET /order/checkout 200 in 1108ms (next.js: 633ms, application-code: 475ms)
 GET /mapview/restaurants 200 in 216ms (next.js: 74ms, application-code: 142ms)
○ Compiling /profile/order-history ...
 GET /profile/order-history 200 in 11.0s (next.js: 9.1s, application-code: 1834ms)
 GET /mapview/restaurants 200 in 743ms (next.js: 110ms, application-code: 633ms)
○ Compiling / ...
 GET / 200 in 10.0s (next.js: 9.8s, application-code: 251ms)
 GET / 200 in 133ms (next.js: 6ms, application-code: 127ms)
 GET / 200 in 73ms (next.js: 5ms, application-code: 68ms)
 GET /profile/order-history 200 in 1843ms (next.js: 138ms, application-code: 1705ms)
 GET / 200 in 127ms (next.js: 9ms, application-code: 118ms)
 GET /discovery 200 in 436ms (next.js: 68ms, application-code: 368ms)
 GET /profile/order-history 200 in 918ms (next.js: 225ms, application-code: 693ms)
○ Compiling /order/[id]/tracking ...
 GET /order/mobile-delivered/tracking 200 in 108s (next.js: 107s, application-code: 704ms)
 GET /order/mobile-delivered/tracking 200 in 655ms (next.js: 51ms, application-code: 604ms)
 GET /order/mobile-delivered/tracking 200 in 3.6s (next.js: 994ms, application-code: 2.6s)
 GET /order/mobile-delivered/tracking 200 in 1393ms (next.js: 716ms, application-code: 677ms)
 GET /order/mobile-delivered/tracking 200 in 609ms (next.js: 296ms, application-code: 313ms)
 GET /order/mobile-delivered/tracking 200 in 1399ms (next.js: 256ms, application-code: 1143ms)
 GET /profile/order-history 200 in 218ms (next.js: 130ms, application-code: 88ms)
 GET /order/mobile-active/tracking 200 in 808ms (next.js: 347ms, application-code: 460ms)
 GET /profile/order-history 200 in 9.9s (next.js: 9.3s, application-code: 618ms)
 GET /profile/order-history 200 in 200ms (next.js: 5ms, application-code: 195ms)
 GET /profile/order-history 200 in 837ms (next.js: 358ms, application-code: 479ms)
 GET /order/mobile-cancelled/tracking 200 in 160ms (next.js: 107ms, application-code: 53ms)
 GET /order/mobile-cancelled/tracking 200 in 808ms (next.js: 343ms, application-code: 465ms)
 GET / 200 in 2.6s (next.js: 92ms, application-code: 2.5s)
○ Compiling /profile ...
 GET /profile 200 in 12.7s (next.js: 12.4s, application-code: 290ms)
 GET /profile/addresses 200 in 2.8s (next.js: 2.6s, application-code: 266ms)
 GET /profile 200 in 93ms (next.js: 52ms, application-code: 41ms)
 GET /profile 200 in 1741ms (next.js: 14ms, application-code: 1726ms)
 GET /profile 200 in 292ms (next.js: 5ms, application-code: 287ms)
 GET /profile 200 in 1023ms (next.js: 622ms, application-code: 401ms)
○ Compiling /discovery ...
 GET /profile 200 in 1564ms (next.js: 29ms, application-code: 1535ms)
 GET /discovery 200 in 11.7s (next.js: 9.6s, application-code: 2.1s)
 GET /profile 200 in 633ms (next.js: 13ms, application-code: 620ms)
 GET /profile/order-history 200 in 3.3s (next.js: 3.1s, application-code: 227ms)
 GET /profile 200 in 133ms (next.js: 87ms, application-code: 46ms)
 GET /profile 200 in 555ms (next.js: 258ms, application-code: 297ms)
 GET /discovery 200 in 1605ms (next.js: 151ms, application-code: 1455ms)
 GET /profile 200 in 338ms (next.js: 5ms, application-code: 333ms)
 GET /profile/order-history 200 in 218ms (next.js: 145ms, application-code: 73ms)
 GET /order/mobile-active/tracking 200 in 138ms (next.js: 92ms, application-code: 46ms)
 GET /profile 200 in 243ms (next.js: 6ms, application-code: 237ms)
 GET /profile/addresses 200 in 138ms (next.js: 85ms, application-code: 53ms)
 GET /discovery 200 in 42ms (next.js: 4ms, application-code: 38ms)
○ Compiling /store ...
 GET /store 200 in 6.9s (next.js: 6.6s, application-code: 282ms)
 GET /store 200 in 127ms (next.js: 4ms, application-code: 123ms)
