Error: Unable to resolve module ./bank-management/index.web from D:\my-workspace\maekotech\project\kitchen\foods_application\localsell-rider\lib\ui\screens\index.web.ts: 

None of these files exist:
  * lib\ui\screens\bank-management\index.web(.web.ts|.ts|.web.tsx|.tsx|.web.mjs|.mjs|.web.js|.js|.web.jsx|.jsx|.web.json|.json|.web.cjs|.cjs|.web.scss|.scss|.web.sass|.sass|.web.css|.css|.web.css|.css)
  * lib\ui\screens\bank-management\index.web
    at ModuleResolver.resolveDependency (D:\my-workspace\maekotech\project\kitchen\foods_application\localsell-rider\node_modules\metro\src\node-haste\DependencyGraph\ModuleResolution.js:114:15)
    at DependencyGraph.resolveDependency (D:\my-workspace\maekotech\project\kitchen\foods_application\localsell-rider\node_modules\metro\src\node-haste\DependencyGraph.js:239:43)
    at D:\my-workspace\maekotech\project\kitchen\foods_application\localsell-rider\node_modules\metro\src\lib\transformHelpers.js:161:21
    at resolveDependencies (D:\my-workspace\maekotech\project\kitchen\foods_application\localsell-rider\node_modules\metro\src\DeltaBundler\buildSubgraph.js:43:25)
    at visit (D:\my-workspace\maekotech\project\kitchen\foods_application\localsell-rider\node_modules\metro\src\DeltaBundler\buildSubgraph.js:81:30)
    at async Promise.all (index 1)
    at buildSubgraph (D:\my-workspace\maekotech\project\kitchen\foods_application\localsell-rider\node_modules\metro\src\DeltaBundler\buildSubgraph.js:105:3)
    at Graph._buildDelta (D:\my-workspace\maekotech\project\kitchen\foods_application\localsell-rider\node_modules\metro\src\DeltaBundler\Graph.js:158:22)
    at Graph.traverseDependencies (D:\my-workspace\maekotech\project\kitchen\foods_application\localsell-rider\node_modules\metro\src\DeltaBundler\Graph.js:50:19)
    at DeltaCalculator._getChangedDependencies (D:\my-workspace\maekotech\project\kitchen\foods_application\localsell-rider\node_modules\metro\src\DeltaBundler\DeltaCalculator.js:187:42)
Error: Unable to resolve module @/lib/ui/theme/rider-mui.web from D:\my-workspace\maekotech\project\kitchen\foods_application\localsell-rider\lib\ui\screens\delivery-dashboard\index.web.tsx: @/lib/ui/theme/rider-mui.web could not be found within the project or in these directories:
  node_modules
[0m [90m 4 |[39m [36mimport[39m { useTranslation } [36mfrom[39m [32m"react-i18next"[39m[33m;[39m
 [90m 5 |[39m [36mimport[39m [33mPerfectScrollbar[39m [36mfrom[39m [32m"perfect-scrollbar"[39m[33m;[39m
[31m[1m>[22m[39m[90m 6 |[39m [36mimport[39m [33mRiderMuiTheme[39m [36mfrom[39m [32m"@/lib/ui/theme/rider-mui.web"[39m[33m;[39m
 [90m   |[39m                            [31m[1m^[22m[39m
 [90m 7 |[39m [36mimport[39m [33mUserContext[39m [36mfrom[39m [32m"@/lib/context/global/user.context"[39m[33m;[39m
 [90m 8 |[39m [36mimport[39m { [33mAuthContext[39m } [36mfrom[39m [32m"@/lib/context/global/auth.context"[39m[33m;[39m
 [90m 9 |[39m [36mimport[39m { [33mUPDATE_AVAILABILITY[39m } [36mfrom[39m [32m"@/lib/apollo/mutations/rider.mutation"[39m[33m;[39m[0m
    at ModuleResolver.resolveDependency (D:\my-workspace\maekotech\project\kitchen\foods_application\localsell-rider\node_modules\metro\src\node-haste\DependencyGraph\ModuleResolution.js:150:15)
    at DependencyGraph.resolveDependency (D:\my-workspace\maekotech\project\kitchen\foods_application\localsell-rider\node_modules\metro\src\node-haste\DependencyGraph.js:239:43)
    at D:\my-workspace\maekotech\project\kitchen\foods_application\localsell-rider\node_modules\metro\src\lib\transformHelpers.js:161:21
    at resolveDependencies (D:\my-workspace\maekotech\project\kitchen\foods_application\localsell-rider\node_modules\metro\src\DeltaBundler\buildSubgraph.js:43:25)
    at visit (D:\my-workspace\maekotech\project\kitchen\foods_application\localsell-rider\node_modules\metro\src\DeltaBundler\buildSubgraph.js:81:30)
    at async Promise.all (index 5)
    at buildSubgraph (D:\my-workspace\maekotech\project\kitchen\foods_application\localsell-rider\node_modules\metro\src\DeltaBundler\buildSubgraph.js:105:3)
    at Graph._buildDelta (D:\my-workspace\maekotech\project\kitchen\foods_application\localsell-rider\node_modules\metro\src\DeltaBundler\Graph.js:158:22)
    at Graph.traverseDependencies (D:\my-workspace\maekotech\project\kitchen\foods_application\localsell-rider\node_modules\metro\src\DeltaBundler\Graph.js:50:19)
    at DeltaCalculator._getChangedDependencies (D:\my-workspace\maekotech\project\kitchen\foods_application\localsell-rider\node_modules\metro\src\DeltaBundler\DeltaCalculator.js:187:42)
